<!-- HTML header for doxygen 1.9.3-->
<!DOCTYPE html PUBLIC "-//W3C//DTD XHTML 1.0 Transitional//EN" "https://www.w3.org/TR/xhtml1/DTD/xhtml1-transitional.dtd">
<html xmlns="http://www.w3.org/1999/xhtml">
<head>
<meta http-equiv="Content-Type" content="text/xhtml;charset=UTF-8"/>
<meta http-equiv="X-UA-Compatible" content="IE=11"/>
<meta name="generator" content="Doxygen 1.14.0"/>
<meta name="viewport" content="width=device-width, initial-scale=1"/>
<title>JKQTPlotter: JKQTPExpected&lt; T, E &gt; Struct Template Reference</title>
<meta name="description" content="an extensive Qt5+Qt6 Plotter framework (including a feature-richt plotter widget, a speed-optimized, but limited variant and a LaTeX equation renderer!), written fully in C/C++ and without external dependencies">
<meta name="keywords" lang="en-us" content="C++, C++11, Qt, Qt5, Qt6, Plotting, Plot, Chart, Graph, Qt, Widget, C++, Library, Visualization, charting library, plotting library, scientific visualization, data visualization, statistics, statistical methods, statistics library, LaTeX parser, LaTeX renderer, Qt widget, Qt5 widget, Qt6 widget, Qt charts, Qt plots, barchart, violinplot, boxplot, JKQtPlotter, JKQTMathText, JKQTFastPlotter">
<meta name="author" content="$author">
<meta name="copyright" content="(c) 2008-2022 by $author">
<link href="tabs.css" rel="stylesheet" type="text/css"/>
<script type="text/javascript" src="jquery.js"></script>
<script type="text/javascript" src="dynsections.js"></script>
<link href="navtree.css" rel="stylesheet" type="text/css"/>
<script type="text/javascript" src="navtreedata.js"></script>
<script type="text/javascript" src="navtree.js"></script>
<script type="text/javascript" src="cookie.js"></script>
<link href="search/search.css" rel="stylesheet" type="text/css"/>
<script type="text/javascript" src="search/searchdata.js"></script>
<script type="text/javascript" src="search/search.js"></script>
<script type="text/javascript">
  $(function() { init_search(); });
</script>
<link href="doxygen.css" rel="stylesheet" type="text/css" />
<link href="jkqtplotter_stylesheet.css" rel="stylesheet" type="text/css"/>
</head>
<body>
<div id="top"><!-- do not remove this div, it is closed by doxygen! -->
<div id="titlearea">
<table cellspacing="0" cellpadding="0">
 <tbody>
 <tr id="projectrow">
  <td id="projectlogo"><img alt="Logo" src="logo_doxygen.png"/></td>
  <td id="projectalign">
   <div id="projectname">JKQTPlotter<span id="projectnumber">&#160;trunk/v5.0.0</span>
   </div>
   <div id="projectbrief">an extensive Qt5+Qt6 Plotter framework (including a feature-richt plotter widget, a speed-optimized, but limited variant and a LaTeX equation renderer!), written fully in C/C++ and without external dependencies</div>
  </td>
 </tr>
 </tbody>
</table>
</div>
<!-- end header part -->
<!-- Generated by Doxygen 1.14.0 -->
<script type="text/javascript">
var searchBox = new SearchBox("searchBox", "search/",'.html');
</script>
<script type="text/javascript">
$(function() { codefold.init(); });
</script>
<div id="main-nav">
  <div id="navrow1" class="tabs">
    <ul class="tablist">
      <li><a href="index.html"><span>Main&#160;Page</span></a></li>
      <li><a href="pages.html"><span>Related&#160;Pages</span></a></li>
      <li><a href="topics.html"><span>Topics</span></a></li>
      <li><a href="namespaces.html"><span>Namespaces</span></a></li>
      <li class="current"><a href="annotated.html"><span>Classes</span></a></li>
      <li>
        <div id="MSearchBox" class="MSearchBoxInactive">
        <span class="left">
          <span id="MSearchSelect" class="search-icon" onmouseover="return searchBox.OnSearchSelectShow()" onmouseout="return searchBox.OnSearchSelectHide()"><span class="search-icon-dropdown"></span></span>
          <input type="text" id="MSearchField" value="" placeholder="Search" accesskey="S"
               onfocus="searchBox.OnSearchFieldFocus(true)" 
               onblur="searchBox.OnSearchFieldFocus(false)" 
               onkeyup="searchBox.OnSearchFieldChange(event)"/>
          </span><span class="right">
            <a id="MSearchClose" href="javascript:searchBox.CloseResultsWindow()"><div id="MSearchCloseImg" class="close-icon"></div></a>
          </span>
        </div>
      </li>
    </ul>
  </div>
  <div id="navrow2" class="tabs2">
    <ul class="tablist">
      <li><a href="annotated.html"><span>Class&#160;List</span></a></li>
      <li><a href="classes.html"><span>Class&#160;Index</span></a></li>
      <li><a href="inherits.html"><span>Class&#160;Hierarchy</span></a></li>
      <li><a href="functions.html"><span>Class&#160;Members</span></a></li>
    </ul>
  </div>
</div><!-- main-nav -->
</div><!-- top -->
<div id="side-nav" class="ui-resizable side-nav-resizable">
  <div id="nav-tree">
    <div id="nav-tree-contents">
      <div id="nav-sync" class="sync"></div>
    </div>
  </div>
  <div id="splitbar" style="-moz-user-select:none;" 
       class="ui-resizable-handle">
  </div>
</div>
<script type="text/javascript">
$(function(){initNavTree('struct_j_k_q_t_p_expected.html','','struct_j_k_q_t_p_expected-members'); });
</script>
<div id="container">
<div id="doc-content">
<!-- window showing the filter options -->
<div id="MSearchSelectWindow"
     onmouseover="return searchBox.OnSearchSelectShow()"
     onmouseout="return searchBox.OnSearchSelectHide()"
     onkeydown="return searchBox.OnSearchSelectKey(event)">
</div>

<!-- iframe showing the search results (closed by default) -->
<div id="MSearchResultsWindow">
<div id="MSearchResults">
<div class="SRPage">
<div id="SRIndex">
<div id="SRResults"></div>
<div class="SRStatus" id="Loading">Loading...</div>
<div class="SRStatus" id="Searching">Searching...</div>
<div class="SRStatus" id="NoMatches">No Matches</div>
</div>
</div>
</div>
</div>

<div class="header">
  <div class="headertitle"><div class="title">JKQTPExpected&lt; T, E &gt; Struct Template Reference<div class="ingroups"><a class="el" href="group__jkqtptools__jkqtcommon.html">JKQTCommon: Diverse Basic Utilities</a> &raquo; <a class="el" href="group__jkqtptools__general.html">General Functions &amp; Tools</a></div></div></div>
</div><!--header-->
<div class="contents">

<p>an "expected" datatype, which can either represent a function result of type <code>T</code> or an error of type <code>E</code>  
 <a href="#details">More...</a></p>

<p><code>#include &lt;<a class="el" href="jkqtpexpected_8h_source.html">jkqtpexpected.h</a>&gt;</code></p>
<table class="memberdecls">
<tr class="heading"><td colspan="2"><h2 id="header-pub-methods" class="groupheader"><a id="pub-methods" name="pub-methods"></a>
Public Member Functions</h2></td></tr>
<tr class="memitem:ae0399113b20a89c6ba6c686ce0865ce4" id="r_ae0399113b20a89c6ba6c686ce0865ce4"><td class="memItemLeft" align="right" valign="top">&#160;</td><td class="memItemRight" valign="bottom"><a class="el" href="#ae0399113b20a89c6ba6c686ce0865ce4">JKQTPExpected</a> ()=delete</td></tr>
<tr class="memitem:ad7d077458a238bc6e74221731820e3d5" id="r_ad7d077458a238bc6e74221731820e3d5"><td class="memItemLeft" align="right" valign="top">&#160;</td><td class="memItemRight" valign="bottom"><a class="el" href="#ad7d077458a238bc6e74221731820e3d5">JKQTPExpected</a> (const <a class="el" href="struct_j_k_q_t_p_expected.html">JKQTPExpected</a>&lt; T, E &gt; &amp;other)=default</td></tr>
<tr class="memitem:aa996d9e3067e42e60c57f313b8272220" id="r_aa996d9e3067e42e60c57f313b8272220"><td class="memItemLeft" align="right" valign="top">&#160;</td><td class="memItemRight" valign="bottom"><a class="el" href="#aa996d9e3067e42e60c57f313b8272220">JKQTPExpected</a> (const T &amp;value_)</td></tr>
<tr class="memitem:aaab44568411bdc227d2b0a2cddfaa24f" id="r_aaab44568411bdc227d2b0a2cddfaa24f"><td class="memItemLeft" align="right" valign="top">&#160;</td><td class="memItemRight" valign="bottom"><a class="el" href="#aaab44568411bdc227d2b0a2cddfaa24f">JKQTPExpected</a> (<a class="el" href="group__jkqtptools__general.html#struct_j_k_q_t_p_expected_unexpected_type">JKQTPExpectedUnexpectedType</a>, const E &amp;error_)</td></tr>
<tr class="memitem:a3006468a9aed35ee51e37948e23577f8" id="r_a3006468a9aed35ee51e37948e23577f8"><td class="memItemLeft" align="right" valign="top">const E &amp;&#160;</td><td class="memItemRight" valign="bottom"><a class="el" href="#a3006468a9aed35ee51e37948e23577f8">error</a> () const</td></tr>
<tr class="memitem:abd68424f35e151174a546974f8a63db0" id="r_abd68424f35e151174a546974f8a63db0"><td class="memItemLeft" align="right" valign="top">bool&#160;</td><td class="memItemRight" valign="bottom"><a class="el" href="#abd68424f35e151174a546974f8a63db0">has_value</a> () const</td></tr>
<tr class="memitem:ad46f1994af8af46070f71839f833d6bc" id="r_ad46f1994af8af46070f71839f833d6bc"><td class="memItemLeft" align="right" valign="top">&#160;</td><td class="memItemRight" valign="bottom"><a class="el" href="#ad46f1994af8af46070f71839f833d6bc">operator bool</a> () const</td></tr>
<tr class="memitem:a9e719d4df34bc4c83176b489c9757b1b" id="r_a9e719d4df34bc4c83176b489c9757b1b"><td class="memItemLeft" align="right" valign="top">const T &amp;&#160;</td><td class="memItemRight" valign="bottom"><a class="el" href="#a9e719d4df34bc4c83176b489c9757b1b">value</a> () const</td></tr>
</table><table class="memberdecls">
<tr class="heading"><td colspan="2"><h2 id="header-pri-attribs" class="groupheader"><a id="pri-attribs" name="pri-attribs"></a>
Private Attributes</h2></td></tr>
<tr class="memitem:a8975386b07321b4408fff4685f684ecf" id="r_a8975386b07321b4408fff4685f684ecf"><td class="memItemLeft" align="right" valign="top">const E&#160;</td><td class="memItemRight" valign="bottom"><a class="el" href="#a8975386b07321b4408fff4685f684ecf">m_error</a></td></tr>
<tr class="memitem:ab223b5dd06360909213154477b3f6b92" id="r_ab223b5dd06360909213154477b3f6b92"><td class="memItemLeft" align="right" valign="top">const bool&#160;</td><td class="memItemRight" valign="bottom"><a class="el" href="#ab223b5dd06360909213154477b3f6b92">m_hasValue</a></td></tr>
<tr class="memitem:a7abf77c1c08f6a787a7f5afcd5bd2764" id="r_a7abf77c1c08f6a787a7f5afcd5bd2764"><td class="memItemLeft" align="right" valign="top">const T&#160;</td><td class="memItemRight" valign="bottom"><a class="el" href="#a7abf77c1c08f6a787a7f5afcd5bd2764">m_value</a></td></tr>
</table>
<a name="details" id="details"></a><h2 id="header-details" class="groupheader">Detailed Description</h2>
<div class="textblock"><div class="compoundTemplParams">template&lt;class T, class E&gt;<br />
struct JKQTPExpected&lt; T, E &gt;</div><p>an "expected" datatype, which can either represent a function result of type <code>T</code> or an error of type <code>E</code> </p>
<p>Usage example: </p><div class="fragment"><div class="line"><a class="code hl_function" href="#ae0399113b20a89c6ba6c686ce0865ce4">JKQTPExpected&lt;double,QString&gt;</a> toInt(QString s) {</div>
<div class="line">  <span class="keywordtype">bool</span> ok=<span class="keyword">false</span>;</div>
<div class="line">  <span class="keywordtype">int</span> i=s.toInt(&amp;ok);</div>
<div class="line">  <span class="keywordflow">if</span> (ok) <span class="keywordflow">return</span> {i}</div>
<div class="line">  <span class="keywordflow">else</span> <span class="keywordflow">return</span> { <a class="code hl_define" href="group__jkqtptools__general.html#ga56691b8c57de8fa0718676b6859b3d70">JKQTPUnexpected</a>, QString(<span class="stringliteral">&quot;cannot convert to int&quot;</span>) };</div>
<div class="line">}</div>
<div class="line"> </div>
<div class="line"><span class="keyword">auto</span> r=toInt(<span class="stringliteral">&quot;1.0a&quot;</span>);</div>
<div class="line"><span class="keywordflow">if</span> (r.hasValue()) qDebug()&lt;&lt;<span class="stringliteral">&quot;SUCCESS! i=&quot;</span>&lt;&lt;r.value();</div>
<div class="line"><span class="keywordflow">else</span> qDebug()&lt;&lt;<span class="stringliteral">&quot;FAILURE: &quot;</span>&lt;&lt;r.error();</div>
<div class="ttc" id="agroup__jkqtptools__general_html_ga56691b8c57de8fa0718676b6859b3d70"><div class="ttname"><a href="group__jkqtptools__general.html#ga56691b8c57de8fa0718676b6859b3d70">JKQTPUnexpected</a></div><div class="ttdeci">#define JKQTPUnexpected</div><div class="ttdoc">tag for an unexpected/error result in JKQTPExpected</div><div class="ttdef"><b>Definition</b> jkqtpexpected.h:38</div></div>
<div class="ttc" id="astruct_j_k_q_t_p_expected_html_ae0399113b20a89c6ba6c686ce0865ce4"><div class="ttname"><a href="#ae0399113b20a89c6ba6c686ce0865ce4">JKQTPExpected::JKQTPExpected</a></div><div class="ttdeci">JKQTPExpected()=delete</div></div>
</div><!-- fragment --><dl class="section see"><dt>See also</dt><dd><a class="el" href="group__jkqtptools__general.html#struct_j_k_q_t_p_expected_unexpected_type" title="tag type for an unexpected/error result in JKQTPExpected">JKQTPExpectedUnexpectedType</a>, <a class="el" href="group__jkqtptools__general.html#ga56691b8c57de8fa0718676b6859b3d70" title="tag for an unexpected/error result in JKQTPExpected">JKQTPUnexpected</a> </dd></dl>
</div><a name="doc-constructors" id="doc-constructors"></a><h2 id="header-doc-constructors" class="groupheader">Constructor &amp; Destructor Documentation</h2>
<a id="ae0399113b20a89c6ba6c686ce0865ce4" name="ae0399113b20a89c6ba6c686ce0865ce4"></a>
<h2 class="memtitle"><span class="permalink"><a href="#ae0399113b20a89c6ba6c686ce0865ce4">&#9670;&#160;</a></span>JKQTPExpected() <span class="overload">[1/4]</span></h2>

<div class="memitem">
<div class="memproto">
<div class="memtemplate">
template&lt;class T, class E&gt; </div>
<table class="mlabels">
  <tr>
  <td class="mlabels-left">
      <table class="memname">
        <tr>
          <td class="memname"><a class="el" href="struct_j_k_q_t_p_expected.html">JKQTPExpected</a>&lt; T, E &gt;<a class="el" href="struct_j_k_q_t_p_expected.html">::JKQTPExpected</a> </td>
          <td>(</td>
          <td class="paramname"><span class="paramname"><em></em></span></td><td>)</td>
          <td></td>
        </tr>
      </table>
  </td>
  <td class="mlabels-right">
<span class="mlabels"><span class="mlabel delete">delete</span></span>  </td>
  </tr>
</table>
</div><div class="memdoc">

</div>
</div>
<a id="aa996d9e3067e42e60c57f313b8272220" name="aa996d9e3067e42e60c57f313b8272220"></a>
<h2 class="memtitle"><span class="permalink"><a href="#aa996d9e3067e42e60c57f313b8272220">&#9670;&#160;</a></span>JKQTPExpected() <span class="overload">[2/4]</span></h2>

<div class="memitem">
<div class="memproto">
<div class="memtemplate">
template&lt;class T, class E&gt; </div>
<table class="mlabels">
  <tr>
  <td class="mlabels-left">
      <table class="memname">
        <tr>
          <td class="memname"><a class="el" href="struct_j_k_q_t_p_expected.html">JKQTPExpected</a>&lt; T, E &gt;<a class="el" href="struct_j_k_q_t_p_expected.html">::JKQTPExpected</a> </td>
          <td>(</td>
          <td class="paramtype">const T &amp;</td>          <td class="paramname"><span class="paramname"><em>value_</em></span></td><td>)</td>
          <td></td>
        </tr>
      </table>
  </td>
  <td class="mlabels-right">
<span class="mlabels"><span class="mlabel inline">inline</span></span>  </td>
  </tr>
</table>
</div><div class="memdoc">

</div>
</div>
<a id="ad7d077458a238bc6e74221731820e3d5" name="ad7d077458a238bc6e74221731820e3d5"></a>
<h2 class="memtitle"><span class="permalink"><a href="#ad7d077458a238bc6e74221731820e3d5">&#9670;&#160;</a></span>JKQTPExpected() <span class="overload">[3/4]</span></h2>

<div class="memitem">
<div class="memproto">
<div class="memtemplate">
template&lt;class T, class E&gt; </div>
<table class="mlabels">
  <tr>
  <td class="mlabels-left">
      <table class="memname">
        <tr>
          <td class="memname"><a class="el" href="struct_j_k_q_t_p_expected.html">JKQTPExpected</a>&lt; T, E &gt;<a class="el" href="struct_j_k_q_t_p_expected.html">::JKQTPExpected</a> </td>
          <td>(</td>
          <td class="paramtype">const <a class="el" href="struct_j_k_q_t_p_expected.html">JKQTPExpected</a>&lt; T, E &gt; &amp;</td>          <td class="paramname"><span class="paramname"><em>other</em></span></td><td>)</td>
          <td></td>
        </tr>
      </table>
  </td>
  <td class="mlabels-right">
<span class="mlabels"><span class="mlabel default">default</span></span>  </td>
  </tr>
</table>
</div><div class="memdoc">

</div>
</div>
<a id="aaab44568411bdc227d2b0a2cddfaa24f" name="aaab44568411bdc227d2b0a2cddfaa24f"></a>
<h2 class="memtitle"><span class="permalink"><a href="#aaab44568411bdc227d2b0a2cddfaa24f">&#9670;&#160;</a></span>JKQTPExpected() <span class="overload">[4/4]</span></h2>

<div class="memitem">
<div class="memproto">
<div class="memtemplate">
template&lt;class T, class E&gt; </div>
<table class="mlabels">
  <tr>
  <td class="mlabels-left">
      <table class="memname">
        <tr>
          <td class="memname"><a class="el" href="struct_j_k_q_t_p_expected.html">JKQTPExpected</a>&lt; T, E &gt;<a class="el" href="struct_j_k_q_t_p_expected.html">::JKQTPExpected</a> </td>
          <td>(</td>
          <td class="paramtype"><a class="el" href="group__jkqtptools__general.html#struct_j_k_q_t_p_expected_unexpected_type">JKQTPExpectedUnexpectedType</a></td>          <td class="paramname"><span class="paramname"><em></em></span>, </td>
        </tr>
        <tr>
          <td class="paramkey"></td>
          <td></td>
          <td class="paramtype">const E &amp;</td>          <td class="paramname"><span class="paramname"><em>error_</em></span>&#160;)</td>
        </tr>
      </table>
  </td>
  <td class="mlabels-right">
<span class="mlabels"><span class="mlabel inline">inline</span></span>  </td>
  </tr>
</table>
</div><div class="memdoc">

</div>
</div>
<a name="doc-func-members" id="doc-func-members"></a><h2 id="header-doc-func-members" class="groupheader">Member Function Documentation</h2>
<a id="a3006468a9aed35ee51e37948e23577f8" name="a3006468a9aed35ee51e37948e23577f8"></a>
<h2 class="memtitle"><span class="permalink"><a href="#a3006468a9aed35ee51e37948e23577f8">&#9670;&#160;</a></span>error()</h2>

<div class="memitem">
<div class="memproto">
<div class="memtemplate">
template&lt;class T, class E&gt; </div>
<table class="mlabels">
  <tr>
  <td class="mlabels-left">
      <table class="memname">
        <tr>
          <td class="memname">const E &amp; <a class="el" href="struct_j_k_q_t_p_expected.html">JKQTPExpected</a>&lt; T, E &gt;::error </td>
          <td>(</td>
          <td class="paramname"><span class="paramname"><em></em></span></td><td>)</td>
          <td> const</td>
        </tr>
      </table>
  </td>
  <td class="mlabels-right">
<span class="mlabels"><span class="mlabel inline">inline</span></span>  </td>
  </tr>
</table>
</div><div class="memdoc">

</div>
</div>
<a id="abd68424f35e151174a546974f8a63db0" name="abd68424f35e151174a546974f8a63db0"></a>
<h2 class="memtitle"><span class="permalink"><a href="#abd68424f35e151174a546974f8a63db0">&#9670;&#160;</a></span>has_value()</h2>

<div class="memitem">
<div class="memproto">
<div class="memtemplate">
template&lt;class T, class E&gt; </div>
<table class="mlabels">
  <tr>
  <td class="mlabels-left">
      <table class="memname">
        <tr>
          <td class="memname">bool <a class="el" href="struct_j_k_q_t_p_expected.html">JKQTPExpected</a>&lt; T, E &gt;::has_value </td>
          <td>(</td>
          <td class="paramname"><span class="paramname"><em></em></span></td><td>)</td>
          <td> const</td>
        </tr>
      </table>
  </td>
  <td class="mlabels-right">
<span class="mlabels"><span class="mlabel inline">inline</span></span>  </td>
  </tr>
</table>
</div><div class="memdoc">

</div>
</div>
<a id="ad46f1994af8af46070f71839f833d6bc" name="ad46f1994af8af46070f71839f833d6bc"></a>
<h2 class="memtitle"><span class="permalink"><a href="#ad46f1994af8af46070f71839f833d6bc">&#9670;&#160;</a></span>operator bool()</h2>

<div class="memitem">
<div class="memproto">
<div class="memtemplate">
template&lt;class T, class E&gt; </div>
<table class="mlabels">
  <tr>
  <td class="mlabels-left">
      <table class="memname">
        <tr>
          <td class="memname"><a class="el" href="struct_j_k_q_t_p_expected.html">JKQTPExpected</a>&lt; T, E &gt;::operator bool </td>
          <td>(</td>
          <td class="paramname"><span class="paramname"><em></em></span></td><td>)</td>
          <td> const</td>
        </tr>
      </table>
  </td>
  <td class="mlabels-right">
<span class="mlabels"><span class="mlabel inline">inline</span></span>  </td>
  </tr>
</table>
</div><div class="memdoc">

</div>
</div>
<a id="a9e719d4df34bc4c83176b489c9757b1b" name="a9e719d4df34bc4c83176b489c9757b1b"></a>
<h2 class="memtitle"><span class="permalink"><a href="#a9e719d4df34bc4c83176b489c9757b1b">&#9670;&#160;</a></span>value()</h2>

<div class="memitem">
<div class="memproto">
<div class="memtemplate">
template&lt;class T, class E&gt; </div>
<table class="mlabels">
  <tr>
  <td class="mlabels-left">
      <table class="memname">
        <tr>
          <td class="memname">const T &amp; <a class="el" href="struct_j_k_q_t_p_expected.html">JKQTPExpected</a>&lt; T, E &gt;::value </td>
          <td>(</td>
          <td class="paramname"><span class="paramname"><em></em></span></td><td>)</td>
          <td> const</td>
        </tr>
      </table>
  </td>
  <td class="mlabels-right">
<span class="mlabels"><span class="mlabel inline">inline</span></span>  </td>
  </tr>
</table>
</div><div class="memdoc">

</div>
</div>
<a name="doc-variable-members" id="doc-variable-members"></a><h2 id="header-doc-variable-members" class="groupheader">Member Data Documentation</h2>
<a id="a8975386b07321b4408fff4685f684ecf" name="a8975386b07321b4408fff4685f684ecf"></a>
<h2 class="memtitle"><span class="permalink"><a href="#a8975386b07321b4408fff4685f684ecf">&#9670;&#160;</a></span>m_error</h2>

<div class="memitem">
<div class="memproto">
<div class="memtemplate">
template&lt;class T, class E&gt; </div>
<table class="mlabels">
  <tr>
  <td class="mlabels-left">
      <table class="memname">
        <tr>
          <td class="memname">const E <a class="el" href="struct_j_k_q_t_p_expected.html">JKQTPExpected</a>&lt; T, E &gt;::m_error</td>
        </tr>
      </table>
  </td>
  <td class="mlabels-right">
<span class="mlabels"><span class="mlabel private">private</span></span>  </td>
  </tr>
</table>
</div><div class="memdoc">

</div>
</div>
<a id="ab223b5dd06360909213154477b3f6b92" name="ab223b5dd06360909213154477b3f6b92"></a>
<h2 class="memtitle"><span class="permalink"><a href="#ab223b5dd06360909213154477b3f6b92">&#9670;&#160;</a></span>m_hasValue</h2>

<div class="memitem">
<div class="memproto">
<div class="memtemplate">
template&lt;class T, class E&gt; </div>
<table class="mlabels">
  <tr>
  <td class="mlabels-left">
      <table class="memname">
        <tr>
          <td class="memname">const bool <a class="el" href="struct_j_k_q_t_p_expected.html">JKQTPExpected</a>&lt; T, E &gt;::m_hasValue</td>
        </tr>
      </table>
  </td>
  <td class="mlabels-right">
<span class="mlabels"><span class="mlabel private">private</span></span>  </td>
  </tr>
</table>
</div><div class="memdoc">

</div>
</div>
<a id="a7abf77c1c08f6a787a7f5afcd5bd2764" name="a7abf77c1c08f6a787a7f5afcd5bd2764"></a>
<h2 class="memtitle"><span class="permalink"><a href="#a7abf77c1c08f6a787a7f5afcd5bd2764">&#9670;&#160;</a></span>m_value</h2>

<div class="memitem">
<div class="memproto">
<div class="memtemplate">
template&lt;class T, class E&gt; </div>
<table class="mlabels">
  <tr>
  <td class="mlabels-left">
      <table class="memname">
        <tr>
          <td class="memname">const T <a class="el" href="struct_j_k_q_t_p_expected.html">JKQTPExpected</a>&lt; T, E &gt;::m_value</td>
        </tr>
      </table>
  </td>
  <td class="mlabels-right">
<span class="mlabels"><span class="mlabel private">private</span></span>  </td>
  </tr>
</table>
</div><div class="memdoc">

</div>
</div>
<hr/>The documentation for this struct was generated from the following file:<ul>
<li><a class="el" href="jkqtpexpected_8h_source.html">jkqtpexpected.h</a></li>
</ul>
</div><!-- contents -->
</div><!-- doc-content -->
<div id="page-nav" class="page-nav-panel">
<div id="page-nav-resize-handle"></div>
<div id="page-nav-tree">
<div id="page-nav-contents">
</div><!-- page-nav-contents -->
</div><!-- page-nav-tree -->
</div><!-- page-nav -->
</div><!-- container -->
<!-- HTML footer for doxygen 1.9.3-->
<!-- start footer part -->
<div id="nav-path" class="navpath"><!-- id is needed for treeview function! -->
  <ul>
    <li class="navelem"><a href="struct_j_k_q_t_p_expected.html">JKQTPExpected</a></li>
    <li class="footer">Generated on <span class="timestamp"></span> for JKQTPlotter by <a href="https://www.doxygen.org/index.html">doxygen</a> 1.14.0 </li>
  </ul>
</div>
</body>
</html>
